In file included from /home/joytan/paralelo/external/MixedOcTree/src/Mesher.h:28,
                 from /home/joytan/paralelo/external/MixedOcTree/src/Main.cpp:20:
/home/joytan/paralelo/external/MixedOcTree/src/Services.h: In static member function ‘static bool Clobscode::Services::ReadMdlMesh(std::string, std::vector<Clobscode::TriMesh>&)’:
/home/joytan/paralelo/external/MixedOcTree/src/Services.h:266:36: warning: ignoring return value of ‘int fscanf(FILE*, const char*, ...)’ declared with attribute ‘warn_unused_result’ [-Wunused-result]
  266 |                         std::fscanf(file,"%u",&cant);
      |                         ~~~~~~~~~~~^~~~~~~~~~~~~~~~~
/home/joytan/paralelo/external/MixedOcTree/src/Services.h:274:44: warning: ignoring return value of ‘int fscanf(FILE*, const char*, ...)’ declared with attribute ‘warn_unused_result’ [-Wunused-result]
  274 |                                 std::fscanf(file,"%s",word);
      |                                 ~~~~~~~~~~~^~~~~~~~~~~~~~~~
/home/joytan/paralelo/external/MixedOcTree/src/Services.h:276:44: warning: ignoring return value of ‘int fscanf(FILE*, const char*, ...)’ declared with attribute ‘warn_unused_result’ [-Wunused-result]
  276 |                                 std::fscanf(file,"%s",word);
      |                                 ~~~~~~~~~~~^~~~~~~~~~~~~~~~
/home/joytan/paralelo/external/MixedOcTree/src/Services.h:278:44: warning: ignoring return value of ‘int fscanf(FILE*, const char*, ...)’ declared with attribute ‘warn_unused_result’ [-Wunused-result]
  278 |                                 std::fscanf(file,"%s",word);
      |                                 ~~~~~~~~~~~^~~~~~~~~~~~~~~~
/home/joytan/paralelo/external/MixedOcTree/src/Services.h:295:52: warning: ignoring return value of ‘int fscanf(FILE*, const char*, ...)’ declared with attribute ‘warn_unused_result’ [-Wunused-result]
  295 |                                         std::fscanf(file,"%u",&cant);
      |                                         ~~~~~~~~~~~^~~~~~~~~~~~~~~~~
/home/joytan/paralelo/external/MixedOcTree/src/Services.h:306:52: warning: ignoring return value of ‘int fscanf(FILE*, const char*, ...)’ declared with attribute ‘warn_unused_result’ [-Wunused-result]
  306 |                                         std::fscanf(file,"%u",&fpts[j]);
      |                                         ~~~~~~~~~~~^~~~~~~~~~~~~~~~~~~~
/home/joytan/paralelo/external/MixedOcTree/src/Services.h:310:52: warning: ignoring return value of ‘int fscanf(FILE*, const char*, ...)’ declared with attribute ‘warn_unused_result’ [-Wunused-result]
  310 |                                         std::fscanf(file,"%u",&dust);
      |                                         ~~~~~~~~~~~^~~~~~~~~~~~~~~~~
/home/joytan/paralelo/external/MixedOcTree/src/Services.h: In static member function ‘static bool Clobscode::Services::ReadOffMesh(std::string, std::vector<Clobscode::TriMesh>&)’:
/home/joytan/paralelo/external/MixedOcTree/src/Services.h:189:19: warning: ignoring return value of ‘int fscanf(FILE*, const char*, ...)’ declared with attribute ‘warn_unused_result’ [-Wunused-result]
  189 |             fscanf(file,"%u",&np);
      |             ~~~~~~^~~~~~~~~~~~~~~
/home/joytan/paralelo/external/MixedOcTree/src/Services.h:191:23: warning: ignoring return value of ‘int fscanf(FILE*, const char*, ...)’ declared with attribute ‘warn_unused_result’ [-Wunused-result]
  191 |                 fscanf(file, "%*[^\n]");
      |                 ~~~~~~^~~~~~~~~~~~~~~~~
/home/joytan/paralelo/external/MixedOcTree/src/Services.h:192:23: warning: ignoring return value of ‘int fscanf(FILE*, const char*, ...)’ declared with attribute ‘warn_unused_result’ [-Wunused-result]
  192 |                 fscanf(file,"%u",&np);
      |                 ~~~~~~^~~~~~~~~~~~~~~
/home/joytan/paralelo/external/MixedOcTree/src/Services.h:195:19: warning: ignoring return value of ‘int fscanf(FILE*, const char*, ...)’ declared with attribute ‘warn_unused_result’ [-Wunused-result]
  195 |             fscanf(file,"%u",&nf);
      |             ~~~~~~^~~~~~~~~~~~~~~
/home/joytan/paralelo/external/MixedOcTree/src/Services.h:199:23: warning: ignoring return value of ‘int fscanf(FILE*, const char*, ...)’ declared with attribute ‘warn_unused_result’ [-Wunused-result]
  199 |                 fscanf(file,"%s",word);
      |                 ~~~~~~^~~~~~~~~~~~~~~~
/home/joytan/paralelo/external/MixedOcTree/src/Services.h:206:28: warning: ignoring return value of ‘int fscanf(FILE*, const char*, ...)’ declared with attribute ‘warn_unused_result’ [-Wunused-result]
  206 |                 std::fscanf(file,"%s",word);
      |                 ~~~~~~~~~~~^~~~~~~~~~~~~~~~
/home/joytan/paralelo/external/MixedOcTree/src/Services.h:208:28: warning: ignoring return value of ‘int fscanf(FILE*, const char*, ...)’ declared with attribute ‘warn_unused_result’ [-Wunused-result]
  208 |                 std::fscanf(file,"%s",word);
      |                 ~~~~~~~~~~~^~~~~~~~~~~~~~~~
/home/joytan/paralelo/external/MixedOcTree/src/Services.h:210:28: warning: ignoring return value of ‘int fscanf(FILE*, const char*, ...)’ declared with attribute ‘warn_unused_result’ [-Wunused-result]
  210 |                 std::fscanf(file,"%s",word);
      |                 ~~~~~~~~~~~^~~~~~~~~~~~~~~~
/home/joytan/paralelo/external/MixedOcTree/src/Services.h:214:22: warning: ignoring return value of ‘char* fgets(char*, int, FILE*)’ declared with attribute ‘warn_unused_result’ [-Wunused-result]
  214 |                 fgets(word,256,file);
      |                 ~~~~~^~~~~~~~~~~~~~~
/home/joytan/paralelo/external/MixedOcTree/src/Services.h:221:28: warning: ignoring return value of ‘int fscanf(FILE*, const char*, ...)’ declared with attribute ‘warn_unused_result’ [-Wunused-result]
  221 |                 std::fscanf(file,"%u",&nfp);
      |                 ~~~~~~~~~~~^~~~~~~~~~~~~~~~
/home/joytan/paralelo/external/MixedOcTree/src/Services.h:225:32: warning: ignoring return value of ‘int fscanf(FILE*, const char*, ...)’ declared with attribute ‘warn_unused_result’ [-Wunused-result]
  225 |                     std::fscanf(file,"%u",&fpts[j]);
      |                     ~~~~~~~~~~~^~~~~~~~~~~~~~~~~~~~
/home/joytan/paralelo/external/MixedOcTree/src/Services.h:229:22: warning: ignoring return value of ‘char* fgets(char*, int, FILE*)’ declared with attribute ‘warn_unused_result’ [-Wunused-result]
  229 |                 fgets(word,256,file);
      |                 ~~~~~^~~~~~~~~~~~~~~
/home/joytan/paralelo/external/MixedOcTree/src/Services.h: In static member function ‘static short unsigned int Clobscode::Services::readRefinementRegions(std::string, std::__cxx11::list<Clobscode::RefinementRegion*>&)’:
/home/joytan/paralelo/external/MixedOcTree/src/Services.h:89:24: warning: ignoring return value of ‘int fscanf(FILE*, const char*, ...)’ declared with attribute ‘warn_unused_result’ [-Wunused-result]
   89 |             std::fscanf(file,"%i",&cant);
      |             ~~~~~~~~~~~^~~~~~~~~~~~~~~~~
/home/joytan/paralelo/external/MixedOcTree/src/Services.h:97:28: warning: ignoring return value of ‘int fscanf(FILE*, const char*, ...)’ declared with attribute ‘warn_unused_result’ [-Wunused-result]
   97 |                 std::fscanf(file,"%s",word);
      |                 ~~~~~~~~~~~^~~~~~~~~~~~~~~~
/home/joytan/paralelo/external/MixedOcTree/src/Services.h:99:28: warning: ignoring return value of ‘int fscanf(FILE*, const char*, ...)’ declared with attribute ‘warn_unused_result’ [-Wunused-result]
   99 |                 std::fscanf(file,"%s",word);
      |                 ~~~~~~~~~~~^~~~~~~~~~~~~~~~
/home/joytan/paralelo/external/MixedOcTree/src/Services.h:101:28: warning: ignoring return value of ‘int fscanf(FILE*, const char*, ...)’ declared with attribute ‘warn_unused_result’ [-Wunused-result]
  101 |                 std::fscanf(file,"%s",word);
      |                 ~~~~~~~~~~~^~~~~~~~~~~~~~~~
/home/joytan/paralelo/external/MixedOcTree/src/Services.h:106:28: warning: ignoring return value of ‘int fscanf(FILE*, const char*, ...)’ declared with attribute ‘warn_unused_result’ [-Wunused-result]
  106 |                 std::fscanf(file,"%s",word);
      |                 ~~~~~~~~~~~^~~~~~~~~~~~~~~~
/home/joytan/paralelo/external/MixedOcTree/src/Services.h:108:28: warning: ignoring return value of ‘int fscanf(FILE*, const char*, ...)’ declared with attribute ‘warn_unused_result’ [-Wunused-result]
  108 |                 std::fscanf(file,"%s",word);
      |                 ~~~~~~~~~~~^~~~~~~~~~~~~~~~
/home/joytan/paralelo/external/MixedOcTree/src/Services.h:110:28: warning: ignoring return value of ‘int fscanf(FILE*, const char*, ...)’ declared with attribute ‘warn_unused_result’ [-Wunused-result]
  110 |                 std::fscanf(file,"%s",word);
      |                 ~~~~~~~~~~~^~~~~~~~~~~~~~~~
/home/joytan/paralelo/external/MixedOcTree/src/Services.h:116:28: warning: ignoring return value of ‘int fscanf(FILE*, const char*, ...)’ declared with attribute ‘warn_unused_result’ [-Wunused-result]
  116 |                 std::fscanf(file,"%s",word);
      |                 ~~~~~~~~~~~^~~~~~~~~~~~~~~~
/home/joytan/paralelo/external/MixedOcTree/src/Services.h: In static member function ‘static bool Clobscode::Services::ReadOctreeMesh(std::string, std::vector<Clobscode::MeshPoint>&, std::vector<Clobscode::Octant>&, std::map<Clobscode::OctreeEdge, Clobscode::EdgeInfo>&, std::vector<unsigned int>&, Clobscode::GeometricTransform&, short unsigned int&, short unsigned int&)’:
/home/joytan/paralelo/external/MixedOcTree/src/Services.h:382:24: warning: ignoring return value of ‘int fscanf(FILE*, const char*, ...)’ declared with attribute ‘warn_unused_result’ [-Wunused-result]
  382 |             std::fscanf(file,"%u",&np);
      |             ~~~~~~~~~~~^~~~~~~~~~~~~~~
/home/joytan/paralelo/external/MixedOcTree/src/Services.h:383:24: warning: ignoring return value of ‘int fscanf(FILE*, const char*, ...)’ declared with attribute ‘warn_unused_result’ [-Wunused-result]
  383 |             std::fscanf(file,"%u",&ne);
      |             ~~~~~~~~~~~^~~~~~~~~~~~~~~
/home/joytan/paralelo/external/MixedOcTree/src/Services.h:384:24: warning: ignoring return value of ‘int fscanf(FILE*, const char*, ...)’ declared with attribute ‘warn_unused_result’ [-Wunused-result]
  384 |             std::fscanf(file,"%u",&no);
      |             ~~~~~~~~~~~^~~~~~~~~~~~~~~
/home/joytan/paralelo/external/MixedOcTree/src/Services.h:390:28: warning: ignoring return value of ‘int fscanf(FILE*, const char*, ...)’ declared with attribute ‘warn_unused_result’ [-Wunused-result]
  390 |                 std::fscanf(file,"%s",word);
      |                 ~~~~~~~~~~~^~~~~~~~~~~~~~~~
/home/joytan/paralelo/external/MixedOcTree/src/Services.h:392:28: warning: ignoring return value of ‘int fscanf(FILE*, const char*, ...)’ declared with attribute ‘warn_unused_result’ [-Wunused-result]
  392 |                 std::fscanf(file,"%s",word);
      |                 ~~~~~~~~~~~^~~~~~~~~~~~~~~~
/home/joytan/paralelo/external/MixedOcTree/src/Services.h:394:28: warning: ignoring return value of ‘int fscanf(FILE*, const char*, ...)’ declared with attribute ‘warn_unused_result’ [-Wunused-result]
  394 |                 std::fscanf(file,"%s",word);
      |                 ~~~~~~~~~~~^~~~~~~~~~~~~~~~
/home/joytan/paralelo/external/MixedOcTree/src/Services.h:402:28: warning: ignoring return value of ‘int fscanf(FILE*, const char*, ...)’ declared with attribute ‘warn_unused_result’ [-Wunused-result]
  402 |                 std::fscanf(file,"%u",&e1);
      |                 ~~~~~~~~~~~^~~~~~~~~~~~~~~
/home/joytan/paralelo/external/MixedOcTree/src/Services.h:403:28: warning: ignoring return value of ‘int fscanf(FILE*, const char*, ...)’ declared with attribute ‘warn_unused_result’ [-Wunused-result]
  403 |                 std::fscanf(file,"%u",&e2);
      |                 ~~~~~~~~~~~^~~~~~~~~~~~~~~
/home/joytan/paralelo/external/MixedOcTree/src/Services.h:404:28: warning: ignoring return value of ‘int fscanf(FILE*, const char*, ...)’ declared with attribute ‘warn_unused_result’ [-Wunused-result]
  404 |                 std::fscanf(file,"%u",&e3);
      |                 ~~~~~~~~~~~^~~~~~~~~~~~~~~
/home/joytan/paralelo/external/MixedOcTree/src/Services.h:420:28: warning: ignoring return value of ‘int fscanf(FILE*, const char*, ...)’ declared with attribute ‘warn_unused_result’ [-Wunused-result]
  420 |                 std::fscanf(file,"%s",word);
      |                 ~~~~~~~~~~~^~~~~~~~~~~~~~~~
/home/joytan/paralelo/external/MixedOcTree/src/Services.h:432:32: warning: ignoring return value of ‘int fscanf(FILE*, const char*, ...)’ declared with attribute ‘warn_unused_result’ [-Wunused-result]
  432 |                     std::fscanf(file,"%u",&ni);
      |                     ~~~~~~~~~~~^~~~~~~~~~~~~~~
/home/joytan/paralelo/external/MixedOcTree/src/Services.h:435:28: warning: ignoring return value of ‘int fscanf(FILE*, const char*, ...)’ declared with attribute ‘warn_unused_result’ [-Wunused-result]
  435 |                 std::fscanf(file,"%u",&orl);
      |                 ~~~~~~~~~~~^~~~~~~~~~~~~~~~
/home/joytan/paralelo/external/MixedOcTree/src/Services.h:436:28: warning: ignoring return value of ‘int fscanf(FILE*, const char*, ...)’ declared with attribute ‘warn_unused_result’ [-Wunused-result]
  436 |                 std::fscanf(file,"%u",&nof);
      |                 ~~~~~~~~~~~^~~~~~~~~~~~~~~~
/home/joytan/paralelo/external/MixedOcTree/src/Services.h:438:32: warning: ignoring return value of ‘int fscanf(FILE*, const char*, ...)’ declared with attribute ‘warn_unused_result’ [-Wunused-result]
  438 |                     std::fscanf(file,"%u",&ni);
      |                     ~~~~~~~~~~~^~~~~~~~~~~~~~~
/home/joytan/paralelo/external/MixedOcTree/src/Services.h:454:24: warning: ignoring return value of ‘int fscanf(FILE*, const char*, ...)’ declared with attribute ‘warn_unused_result’ [-Wunused-result]
  454 |             std::fscanf(file,"%s %s",word,word);
      |             ~~~~~~~~~~~^~~~~~~~~~~~~~~~~~~~~~~~
/home/joytan/paralelo/external/MixedOcTree/src/Services.h:455:24: warning: ignoring return value of ‘int fscanf(FILE*, const char*, ...)’ declared with attribute ‘warn_unused_result’ [-Wunused-result]
  455 |             std::fscanf(file,"%s",word);
      |             ~~~~~~~~~~~^~~~~~~~~~~~~~~~
/home/joytan/paralelo/external/MixedOcTree/src/Services.h:457:24: warning: ignoring return value of ‘int fscanf(FILE*, const char*, ...)’ declared with attribute ‘warn_unused_result’ [-Wunused-result]
  457 |             std::fscanf(file,"%s",word);
      |             ~~~~~~~~~~~^~~~~~~~~~~~~~~~
/home/joytan/paralelo/external/MixedOcTree/src/Services.h:459:24: warning: ignoring return value of ‘int fscanf(FILE*, const char*, ...)’ declared with attribute ‘warn_unused_result’ [-Wunused-result]
  459 |             std::fscanf(file,"%s",word);
      |             ~~~~~~~~~~~^~~~~~~~~~~~~~~~
/home/joytan/paralelo/external/MixedOcTree/src/Services.h:462:24: warning: ignoring return value of ‘int fscanf(FILE*, const char*, ...)’ declared with attribute ‘warn_unused_result’ [-Wunused-result]
  462 |             std::fscanf(file,"%s",word);
      |             ~~~~~~~~~~~^~~~~~~~~~~~~~~~
/home/joytan/paralelo/external/MixedOcTree/src/Services.h:464:24: warning: ignoring return value of ‘int fscanf(FILE*, const char*, ...)’ declared with attribute ‘warn_unused_result’ [-Wunused-result]
  464 |             std::fscanf(file,"%s",word);
      |             ~~~~~~~~~~~^~~~~~~~~~~~~~~~
/home/joytan/paralelo/external/MixedOcTree/src/Services.h:466:24: warning: ignoring return value of ‘int fscanf(FILE*, const char*, ...)’ declared with attribute ‘warn_unused_result’ [-Wunused-result]
  466 |             std::fscanf(file,"%s",word);
      |             ~~~~~~~~~~~^~~~~~~~~~~~~~~~
/home/joytan/paralelo/external/MixedOcTree/src/Services.h:476:28: warning: ignoring return value of ‘int fscanf(FILE*, const char*, ...)’ declared with attribute ‘warn_unused_result’ [-Wunused-result]
  476 |                 std::fscanf(file,"%u",&elem);
      |                 ~~~~~~~~~~~^~~~~~~~~~~~~~~~~
/home/joytan/paralelo/external/MixedOcTree/src/Services.h: In static member function ‘static bool Clobscode::Services::ReadOffMesh(std::string, std::vector<Clobscode::TriMesh>&)’:
/home/joytan/paralelo/external/MixedOcTree/src/Services.h:166:23: warning: argument 1 null where non-null expected [-Wnonnull]
  166 |                 fclose(file);
      |                 ~~~~~~^~~~~~
In file included from /usr/include/c++/13/cstdio:42,
                 from /usr/include/c++/13/ext/string_conversions.h:45,
                 from /usr/include/c++/13/bits/basic_string.h:4109,
                 from /usr/include/c++/13/string:54,
                 from /usr/include/c++/13/bits/locale_classes.h:40,
                 from /usr/include/c++/13/bits/ios_base.h:41,
                 from /usr/include/c++/13/ios:44,
                 from /usr/include/c++/13/ostream:40,
                 from /usr/include/c++/13/iostream:41,
                 from /home/joytan/paralelo/external/MixedOcTree/src/Point3D.h:29,
                 from /home/joytan/paralelo/external/MixedOcTree/src/TriMesh.h:23,
                 from /home/joytan/paralelo/external/MixedOcTree/src/Mesher.h:23:
/usr/include/stdio.h:184:12: note: in a call to function ‘int fclose(FILE*)’ declared ‘nonnull’
  184 | extern int fclose (FILE *__stream) __nonnull ((1));
      |            ^~~~~~
