=== Octree CUDA (experimental) - Descomposicion por subarboles ===
Niveles de refinamiento: 13
Modo de refinamiento   : adaptativo con balance 2:1
Nivel de descomposicion: 1  (hasta 8 subarboles secuenciales)
Modelo: cortex.mdl

[MDL] Cargado 'cortex.mdl'
      Vértices : 3152
      Triángulos: 6300
      BBox min  : (50.25, 59.38, 19.86)
      BBox max  : (219.65, 209.99, 153.19)
      Centro    : (134.95, 134.69, 86.52)
      Half-size : 88.94

Cubo raiz:
  Centro    : (134.95, 134.69, 86.52)
  Half-size : 88.94

--- Fase A: descenso uniforme hasta el nivel 1 ---
  Nivel 1: 1 -> 8 hojas (poda: 0 eliminados) | 0.020 s

  Subarboles vivos tras la fase A: 8 de 8 posibles

--- Pasada 1/3 ---
  Subarbol  1/8:  62240155 hojas | cascara    72826 |  17.736 s
  Subarbol  2/8:  60475065 hojas | cascara    70398 |  16.985 s
  Subarbol  3/8:  45392762 hojas | cascara   103202 |  11.774 s
  Subarbol  4/8:  68742650 hojas | cascara    77485 |  21.412 s
  Subarbol  5/8:  61996274 hojas | cascara    72148 |  18.209 s
  Subarbol  6/8:  56648503 hojas | cascara    64939 |  15.830 s
  Subarbol  7/8:  40487645 hojas | cascara   123841 |  11.251 s
  Subarbol  8/8:  66202950 hojas | cascara    90654 |  21.174 s
  Verificacion 2:1 entre subarboles: 448150 violaciones

--- Pasada 2/3 ---
  Subarbol  1/8:  62247925 hojas | cascara    76191 |  19.025 s
  Subarbol  2/8:  60476871 hojas | cascara    71175 |  18.851 s
  Subarbol  3/8:  45394267 hojas | cascara   103853 |  13.111 s
  Subarbol  4/8:  68764427 hojas | cascara    86854 |  23.644 s
  Subarbol  5/8:  62004716 hojas | cascara    75793 |  19.690 s
  Subarbol  6/8:  56653018 hojas | cascara    66878 |  16.844 s
  Subarbol  7/8:  40490858 hojas | cascara   125232 |  11.860 s
  Subarbol  8/8:  66229655 hojas | cascara   102143 |  20.341 s
  Verificacion 2:1 entre subarboles: 0 violaciones


=== Resultado final: 462261737 cubos sobrevivientes ===
  Dentro: 230840319 | Borde: 231421418
  Refinamiento uniforme produciria: 549755813888 cubos (reduccion: 99.9%)

=== Descomposicion ===
  Subarboles procesados         : 8 (nivel 1)
  Pasadas externas              : 2 de 3
  Balance 2:1 entre subarboles  : verificado, 0 violaciones
  Halo residente en VRAM        : 69.04 MB

=== Tiempo y VRAM por nivel ===
 Nivel |      Hojas |     Dentro |      Borde |    Octree | Pico etapa | Tiempo (s)
-------+------------+------------+------------+-----------+------------+-----------
     1 |          8 |          0 |          8 |     384 B |  111.19 KB |     0.020
     2 |         55 |          1 |         54 |   2.58 KB |  125.15 MB |     0.029
     3 |        252 |         50 |        202 |  11.81 KB |  125.15 MB |     0.024
     4 |       1173 |        325 |        848 |  54.98 KB |  125.17 MB |     0.024
     5 |       5501 |       2029 |       3472 | 257.86 KB |  125.25 MB |     0.026
     6 |      24917 |      10924 |      13993 |   1.14 MB |  125.54 MB |     0.027
     7 |     105634 |      49252 |      56382 |   4.84 MB |  126.77 MB |     0.040
     8 |     435534 |     209824 |     225710 |  19.94 MB |  131.74 MB |     0.126
     9 |    1774809 |     871307 |     903502 |  81.24 MB |  151.77 MB |     0.395
    10 |    7161958 |    3546955 |    3615003 | 327.85 MB |  231.70 MB |     1.511
    11 |   28786873 |   14324530 |   14462343 |   1.29 GB |  551.94 MB |     6.119
    12 |  115425336 |   57572261 |   57853075 |   5.16 GB |    1.82 GB |    24.668
    13 |  462261737 |  230840319 |  231421418 |  20.66 GB |    7.01 GB |   106.349
-------+------------+------------+------------+-----------+------------+-----------
  Tamano de un cubo en VRAM     : 48 B
  Malla en VRAM (constante)     : 110.77 KB
  Pico calculado del algoritmo  : 7.01 GB
  Pico medido por el driver     : 4.96 GB
  Contexto CUDA (linea base)    : 1.04 GB
  VRAM total del dispositivo    : 6.00 GB
  Tiempo total de refinamiento  : 277.813 s

Refinamiento completado exitosamente!

[exited with code 0]
